
============================================================
  Batch CANSLIM Scorer  [2026-05-16]
  Tickers: 73 | Rate limit: 3.0s between calls
  Estimated time: 3.6 min
============================================================

  [1/73] AAOI...   [CANSLIM] Scoring AAOI...
    -> MONITOR (composite=50) | Weakest: C=40
    [OK] AAOI: score=0 grade=?
  [2/73] ACHR...   [CANSLIM] Scoring ACHR...
    -> AVOID (composite=32) | Weakest: C=20
    [OK] ACHR: score=0 grade=?
  [3/73] AMAT...   [CANSLIM] Scoring AMAT...
    -> MONITOR (composite=50) | Weakest: I=25
    [OK] AMAT: score=0 grade=?
  [4/73] AMD...   [CANSLIM] Scoring AMD...
    -> MONITOR (composite=55) | Weakest: A=50
    [OK] AMD: score=0 grade=?
  [5/73] ANET...   [CANSLIM] Scoring ANET...
    -> AVOID (composite=37) | Weakest: L=8
    [OK] ANET: score=0 grade=?
  [6/73] APH...   [CANSLIM] Scoring APH...
    -> AVOID (composite=34) | Weakest: L=8
    [OK] APH: score=0 grade=?
  [7/73] ASTS...   [CANSLIM] Scoring ASTS...
  [D5] BLOCKED ASTS from edgar: [BLOCK] ASTS [2020Q1] eps=17600000 — EPS=17600000 outside bounds [-500.0,5000.0] — parse error
  [D5] WARN ASTS finnhub: [WARN] ASTS [2026Q1] rev_yoy=1952.2 — Rev YoY=1952% — very large change, verify manually; [WARN] ASTS [2025Q3] rev_yoy=1239.9 — Rev YoY=1240% — very large change, verify manually; [WARN] ASTS [2025Q3] rev_qoq=1175.0 — Rev QoQ=1175% — unusually large sequential change
    -> AVOID (composite=32) | Weakest: N=12
    [OK] ASTS: score=0 grade=?
  [8/73] AVAV...   [CANSLIM] Scoring AVAV...
    -> AVOID (composite=26) | Weakest: N=5
    [OK] AVAV: score=0 grade=?
  [9/73] AVGO...   [CANSLIM] Scoring AVGO...
    -> AVOID (composite=45) | Weakest: C=20
    [OK] AVGO: score=0 grade=?
  [10/73] AXON...   [CANSLIM] Scoring AXON...
    -> AVOID (composite=40) | Weakest: N=5
    [OK] AXON: score=0 grade=?
  [11/73] BAH...   [CANSLIM] Scoring BAH...
    -> AVOID (composite=23) | Weakest: C=0
    [OK] BAH: score=0 grade=?
  [12/73] BWXT...   [CANSLIM] Scoring BWXT...
    -> AVOID (composite=36) | Weakest: C=28
    [OK] BWXT: score=0 grade=?
  [13/73] CACI...   [CANSLIM] Scoring CACI...
    -> AVOID (composite=36) | Weakest: N=5
    [OK] CACI: score=0 grade=?
  [14/73] CCJ...   [CANSLIM] Scoring CCJ...
    -> AVOID (composite=27) | Weakest: C=0
    [OK] CCJ: score=0 grade=?
  [15/73] CEG...   [CANSLIM] Scoring CEG...
    -> AVOID (composite=34) | Weakest: N=5
    [OK] CEG: score=0 grade=?
  [16/73] CIEN...   [CANSLIM] Scoring CIEN...
    -> MONITOR (composite=59) | Weakest: A=50
    [OK] CIEN: score=0 grade=?
  [17/73] CLSK...   [CANSLIM] Scoring CLSK...
    -> AVOID (composite=34) | Weakest: I=20
    [OK] CLSK: score=0 grade=?
  [18/73] COHR...   [CANSLIM] Scoring COHR...
    -> MONITOR (composite=56) | Weakest: I=25
    [OK] COHR: score=0 grade=?
  [19/73] CORZ...   [CANSLIM] Scoring CORZ...
    -> AVOID (composite=49) | Weakest: C=30
    [OK] CORZ: score=0 grade=?
  [20/73] CRM...   [CANSLIM] Scoring CRM...
    -> AVOID (composite=36) | Weakest: N=20
    [OK] CRM: score=0 grade=?
  [21/73] CRWV...   [CANSLIM] Scoring CRWV...
    -> AVOID (composite=39) | Weakest: N=15
    [OK] CRWV: score=0 grade=?
  [22/73] DELL...   [CANSLIM] Scoring DELL...
    -> AVOID (composite=49) | Weakest: I=35
    [OK] DELL: score=0 grade=?
  [23/73] DLR...   [CANSLIM] Scoring DLR...
    -> AVOID (composite=48) | Weakest: L=32
    [OK] DLR: score=0 grade=?
  [24/73] EME...   [CANSLIM] Scoring EME...
    -> AVOID (composite=46) | Weakest: C=28
    [OK] EME: score=0 grade=?
  [25/73] EQIX...   [CANSLIM] Scoring EQIX...
    -> AVOID (composite=43) | Weakest: I=20
    [OK] EQIX: score=0 grade=?
  [26/73] ERIC...   [CANSLIM] Scoring ERIC...
    -> AVOID (composite=38) | Weakest: C=0
    [OK] ERIC: score=0 grade=?
  [27/73] ETN...   [CANSLIM] Scoring ETN...
    -> AVOID (composite=30) | Weakest: C=10
    [OK] ETN: score=0 grade=?
  [28/73] GLDD...   [CANSLIM] Scoring GLDD...
    -> AVOID (composite=42) | Weakest: C=20
    [OK] GLDD: score=0 grade=?
  [29/73] IBM...   [CANSLIM] Scoring IBM...
    -> AVOID (composite=23) | Weakest: C=0
    [OK] IBM: score=0 grade=?
  [30/73] IONQ...   [CANSLIM] Scoring IONQ...
    -> AVOID (composite=38) | Weakest: C=20
    [OK] IONQ: score=0 grade=?
  [31/73] IPGP...   [CANSLIM] Scoring IPGP...
    -> AVOID (composite=20) | Weakest: C=0
    [OK] IPGP: score=0 grade=?
  [32/73] ISRG...   [CANSLIM] Scoring ISRG...
    -> AVOID (composite=36) | Weakest: N=5
    [OK] ISRG: score=0 grade=?
  [33/73] JOBY...   [CANSLIM] Scoring JOBY...
  [D5] BLOCKED JOBY from edgar: [BLOCK] JOBY [2025Q3] rev_yoy=80521.4 — Rev YoY=80521% — extreme value, likely parse error
  [D5] WARN JOBY finnhub: [WARN] JOBY [2025Q3] rev_yoy=27769.1 — Rev YoY=27769% — very large change, verify manually; [WARN] JOBY [2025Q3] rev_qoq=150393.3 — Rev QoQ=150393% — unusually large sequential change
    -> AVOID (composite=30) | Weakest: L=8
    [OK] JOBY: score=0 grade=?
  [34/73] KLAC...   [CANSLIM] Scoring KLAC...
    -> AVOID (composite=46) | Weakest: I=20
    [OK] KLAC: score=0 grade=?
  [35/73] KTOS...   [CANSLIM] Scoring KTOS...
    -> AVOID (composite=40) | Weakest: L=8
    [OK] KTOS: score=0 grade=?
  [36/73] LDOS...   [CANSLIM] Scoring LDOS...
    -> AVOID (composite=24) | Weakest: C=0
    [OK] LDOS: score=0 grade=?
  [37/73] LITE...   [CANSLIM] Scoring LITE...
    -> AVOID (composite=36) | Weakest: C=0
    [OK] LITE: score=0 grade=?
  [38/73] LRCX...   [CANSLIM] Scoring LRCX...
    -> MONITOR (composite=58) | Weakest: A=50
    [OK] LRCX: score=0 grade=?
  [39/73] LUNR...   [CANSLIM] Scoring LUNR...
    -> AVOID (composite=48) | Weakest: C=40
    [OK] LUNR: score=0 grade=?
  [40/73] META...   [CANSLIM] Scoring META...
    -> AVOID (composite=40) | Weakest: N=20
    [OK] META: score=0 grade=?
  [41/73] MPWR...   [CANSLIM] Scoring MPWR...
    -> AVOID (composite=48) | Weakest: C=35
    [OK] MPWR: score=0 grade=?
  [42/73] MRAM...   [CANSLIM] Scoring MRAM...
    -> AVOID (composite=49) | Weakest: C=30
    [OK] MRAM: score=0 grade=?
  [43/73] MRVL...   [CANSLIM] Scoring MRVL...
    -> AVOID (composite=48) | Weakest: C=20
    [OK] MRVL: score=0 grade=?
  [44/73] MSFT...   [CANSLIM] Scoring MSFT...
    -> AVOID (composite=30) | Weakest: N=5
    [OK] MSFT: score=0 grade=?
  [45/73] MU...   [CANSLIM] Scoring MU...
    -> MONITOR (composite=55) | Weakest: I=40
    [OK] MU: score=0 grade=?
  [46/73] NNE...   [CANSLIM] Scoring NNE...
    -> AVOID (composite=33) | Weakest: N=5
    [OK] NNE: score=0 grade=?
  [47/73] NOK...   [CANSLIM] Scoring NOK...
    -> AVOID (composite=43) | Weakest: C=0
    [OK] NOK: score=0 grade=?
  [48/73] NTAP...   [CANSLIM] Scoring NTAP...
    -> AVOID (composite=46) | Weakest: C=23
    [OK] NTAP: score=0 grade=?
  [49/73] NVDA...   [CANSLIM] Scoring NVDA...
    -> MONITOR (composite=53) | Weakest: I=40
    [OK] NVDA: score=0 grade=?
  [50/73] NXPI...   [CANSLIM] Scoring NXPI...
    -> MONITOR (composite=55) | Weakest: C=40
    [OK] NXPI: score=0 grade=?
  [51/73] OKLO...   [CANSLIM] Scoring OKLO...
    -> AVOID (composite=33) | Weakest: N=5
    [OK] OKLO: score=0 grade=?
  [52/73] ON...   [CANSLIM] Scoring ON...
    -> AVOID (composite=43) | Weakest: C=0
    [OK] ON: score=0 grade=?
  [53/73] ORCL...   [CANSLIM] Scoring ORCL...
    -> AVOID (composite=35) | Weakest: L=20
    [OK] ORCL: score=0 grade=?
  [54/73] PL...   [CANSLIM] Scoring PL...
    -> MONITOR (composite=54) | Weakest: I=35
    [OK] PL: score=0 grade=?
  [55/73] PLTR...   [CANSLIM] Scoring PLTR...
    -> AVOID (composite=42) | Weakest: N=15
    [OK] PLTR: score=0 grade=?
  [56/73] PWR...   [CANSLIM] Scoring PWR...
    -> AVOID (composite=45) | Weakest: C=10
    [OK] PWR: score=0 grade=?
  [57/73] QCOM...   [CANSLIM] Scoring QCOM...
    -> MONITOR (composite=50) | Weakest: C=45
    [OK] QCOM: score=0 grade=?
  [58/73] QUBT...   [CANSLIM] Scoring QUBT...
  [D5] WARN QUBT edgar: [WARN] QUBT [2026Q1] rev_yoy=9364.1 — Rev YoY=9364% — very large change, verify manually; [WARN] QUBT [2026Q1] rev_qoq=861.2 — Rev QoQ=861% — unusually large sequential change; [WARN] QUBT [2025Q3] rev_qoq=529.5 — Rev QoQ=530% — unusually large sequential change; [WARN] QUBT [2024Q2] rev_qoq=577.8 — Rev QoQ=578% — unusually large sequential change
    -> AVOID (composite=42) | Weakest: N=24
    [OK] QUBT: score=0 grade=?
  [59/73] RCAT...   [CANSLIM] Scoring RCAT...
  [D5] WARN RCAT edgar: [WARN] RCAT [2025Q1] gross_margin=-52.17 — Gross margin=-52.2% outside [-50,100]; [WARN] RCAT [2024Q3] gross_margin=-54.53 — Gross margin=-54.5% outside [-50,100]; [WARN] RCAT [2023Q4] gross_margin=226.77 — Gross margin=226.8% outside [-50,100]; [WARN] RCAT [2025Q3] rev_qoq=754.9 — Rev QoQ=755% — unusually large sequential change
    -> AVOID (composite=33) | Weakest: L=8
    [OK] RCAT: score=0 grade=?
  [60/73] RDW...   [CANSLIM] Scoring RDW...
    -> MONITOR (composite=52) | Weakest: C=45
    [OK] RDW: score=0 grade=?
  [61/73] RGTI...   [CANSLIM] Scoring RGTI...
    -> AVOID (composite=24) | Weakest: C=0
    [OK] RGTI: score=0 grade=?
  [62/73] RKLB...   [CANSLIM] Scoring RKLB...
    -> MONITOR (composite=53) | Weakest: C=40
    [OK] RKLB: score=0 grade=?
  [63/73] SAIC...   [CANSLIM] Scoring SAIC...
    -> AVOID (composite=27) | Weakest: C=15
    [OK] SAIC: score=0 grade=?
  [64/73] SMCI...   [CANSLIM] Scoring SMCI...
    -> AVOID (composite=41) | Weakest: N=17
    [OK] SMCI: score=0 grade=?
  [65/73] SMR...   [CANSLIM] Scoring SMR...
  [D5] WARN SMR edgar: [WARN] SMR [2025Q3] rev_yoy=1635.2 — Rev YoY=1635% — very large change, verify manually; [WARN] SMR [2025Q1] rev_qoq=2715.8 — Rev QoQ=2716% — unusually large sequential change
    -> AVOID (composite=27) | Weakest: C=10
    [OK] SMR: score=0 grade=?
  [66/73] SOUN...   [CANSLIM] Scoring SOUN...
    -> AVOID (composite=32) | Weakest: C=20
    [OK] SOUN: score=0 grade=?
  [67/73] STX...   [CANSLIM] Scoring STX...
    -> MONITOR (composite=61) | Weakest: A=50
    [OK] STX: score=0 grade=?
  [68/73] TER...   [CANSLIM] Scoring TER...
    -> MONITOR (composite=51) | Weakest: N=32
    [OK] TER: score=0 grade=?
  [69/73] TMUS...   [CANSLIM] Scoring TMUS...
    -> AVOID (composite=24) | Weakest: C=0
    [OK] TMUS: score=0 grade=?
  [70/73] TSLA...   [CANSLIM] Scoring TSLA...
    -> AVOID (composite=30) | Weakest: C=0
    [OK] TSLA: score=0 grade=?
  [71/73] VRT...   [CANSLIM] Scoring VRT...
    -> MONITOR (composite=59) | Weakest: I=35
    [OK] VRT: score=0 grade=?
  [72/73] VST...   [CANSLIM] Scoring VST...
    -> AVOID (composite=24) | Weakest: C=0
    [OK] VST: score=0 grade=?
  [73/73] WDC...   [CANSLIM] Scoring WDC...
    -> MONITOR (composite=59) | Weakest: I=40
    [OK] WDC: score=0 grade=?
  [CANSLIM] Scoring RDW...
    -> MONITOR (composite=52) | Weakest: C=45
  [CANSLIM] Scoring SOUN...
    -> AVOID (composite=32) | Weakest: C=20
  [CANSLIM] Scoring COHR...
    -> MONITOR (composite=56) | Weakest: I=25
  [CANSLIM] Scoring WDC...
    -> MONITOR (composite=59) | Weakest: I=40

[CANSLIM] Scored 4 tickers | Strong buys: []

============================================================
  Done: 73 OK | 0 failed | 646.2s elapsed
============================================================

