
==========================================================
  Fast OHLCV Pre-fetch (Polygon-parallel)  [2026-05-18]
==========================================================
  Universe: 5021 tickers | workers=8 | timeout=8s
  Period: 290d | Source: Polygon only (fast-fail)
  Already fresh: 450 | Need fetch: 4571
  [0/5021] ok=0 fail=0 skip=0 | 0/min | ETA 502100s
  [87/5021] ok=0 fail=8 skip=79 | 16/min | ETA 18510s
  [102/5021] ok=1 fail=22 skip=79 | 23/min | ETA 12835s
  [113/5021] ok=1 fail=33 skip=79 | 23/min | ETA 12994s
  [131/5021] ok=6 fail=46 skip=79 | 26/min | ETA 11288s
  [147/5021] ok=6 fail=62 skip=79 | 27/min | ETA 10756s
  [168/5021] ok=9 fail=80 skip=79 | 30/min | ETA 9818s
  [184/5021] ok=9 fail=96 skip=79 | 30/min | ETA 9680s
  [200/5021] ok=10 fail=111 skip=79 | 30/min | ETA 9567s
  [216/5021] ok=10 fail=127 skip=79 | 30/min | ETA 9475s
  [231/5021] ok=11 fail=141 skip=79 | 30/min | ETA 9459s
  [247/5021] ok=11 fail=157 skip=79 | 31/min | ETA 9382s
  [263/5021] ok=11 fail=173 skip=79 | 31/min | ETA 9313s
  [279/5021] ok=11 fail=189 skip=79 | 31/min | ETA 9251s
  [297/5021] ok=13 fail=205 skip=79 | 31/min | ETA 9105s
  [312/5021] ok=13 fail=220 skip=79 | 31/min | ETA 9098s
  [325/5021] ok=13 fail=233 skip=79 | 31/min | ETA 9166s
  [341/5021] ok=13 fail=249 skip=79 | 31/min | ETA 9113s
  [356/5021] ok=15 fail=262 skip=79 | 31/min | ETA 9097s
  [372/5021] ok=15 fail=278 skip=79 | 31/min | ETA 9047s
  [391/5021] ok=19 fail=293 skip=79 | 31/min | ETA 8906s
  [407/5021] ok=19 fail=309 skip=79 | 31/min | ETA 8865s
  [423/5021] ok=19 fail=325 skip=79 | 31/min | ETA 8824s
  [439/5021] ok=19 fail=341 skip=79 | 31/min | ETA 8784s
  [455/5021] ok=19 fail=357 skip=79 | 31/min | ETA 8746s
  [471/5021] ok=19 fail=373 skip=79 | 31/min | ETA 8708s
  [504/5021] ok=19 fail=389 skip=96 | 31/min | ETA 8638s
  [667/5021] ok=19 fail=404 skip=244 | 31/min | ETA 8339s
  [733/5021] ok=19 fail=420 skip=294 | 31/min | ETA 8207s
  [747/5021] ok=19 fail=434 skip=294 | 31/min | ETA 8210s
  [761/5021] ok=22 fail=445 skip=294 | 31/min | ETA 8212s
  [777/5021] ok=22 fail=461 skip=294 | 31/min | ETA 8173s
  [797/5021] ok=26 fail=477 skip=294 | 31/min | ETA 8063s
  [813/5021] ok=26 fail=493 skip=294 | 31/min | ETA 8028s
  [830/5021] ok=30 fail=506 skip=294 | 32/min | ETA 7977s
  [846/5021] ok=30 fail=522 skip=294 | 32/min | ETA 7943s
  [862/5021] ok=30 fail=538 skip=294 | 32/min | ETA 7910s
  [878/5021] ok=30 fail=554 skip=294 | 32/min | ETA 7876s
  [894/5021] ok=30 fail=570 skip=294 | 32/min | ETA 7843s
  [909/5021] ok=30 fail=585 skip=294 | 32/min | ETA 7824s
  [921/5021] ok=30 fail=597 skip=294 | 31/min | ETA 7850s
  [935/5021] ok=30 fail=611 skip=294 | 31/min | ETA 7844s
  [954/5021] ok=33 fail=627 skip=294 | 31/min | ETA 7767s
  [969/5021] ok=33 fail=642 skip=294 | 31/min | ETA 7747s
  [985/5021] ok=35 fail=656 skip=294 | 31/min | ETA 7713s
  [1001/5021] ok=35 fail=672 skip=294 | 31/min | ETA 7679s
  [1018/5021] ok=36 fail=688 skip=294 | 31/min | ETA 7633s
  [1034/5021] ok=36 fail=704 skip=294 | 31/min | ETA 7600s
  [1050/5021] ok=36 fail=720 skip=294 | 31/min | ETA 7566s
  [1066/5021] ok=36 fail=736 skip=294 | 31/min | ETA 7533s
  [1082/5021] ok=36 fail=752 skip=294 | 32/min | ETA 7501s
  [1098/5021] ok=36 fail=768 skip=294 | 32/min | ETA 7468s
  [1109/5021] ok=36 fail=779 skip=294 | 31/min | ETA 7490s
  [1123/5021] ok=36 fail=793 skip=294 | 31/min | ETA 7479s
  [1143/5021] ok=40 fail=809 skip=294 | 31/min | ETA 7402s
  [1159/5021] ok=40 fail=825 skip=294 | 31/min | ETA 7369s
  [1175/5021] ok=42 fail=839 skip=294 | 31/min | ETA 7337s
  [1191/5021] ok=42 fail=855 skip=294 | 31/min | ETA 7304s
  [1207/5021] ok=43 fail=870 skip=294 | 31/min | ETA 7271s
  [1223/5021] ok=43 fail=886 skip=294 | 31/min | ETA 7239s
  [1238/5021] ok=43 fail=901 skip=294 | 31/min | ETA 7216s
  [1254/5021] ok=43 fail=917 skip=294 | 31/min | ETA 7183s
  [1272/5021] ok=45 fail=933 skip=294 | 32/min | ETA 7132s
  [1288/5021] ok=45 fail=949 skip=294 | 32/min | ETA 7100s
  [1304/5021] ok=45 fail=965 skip=294 | 32/min | ETA 7068s
  [1320/5021] ok=45 fail=981 skip=294 | 32/min | ETA 7036s
  [1333/5021] ok=45 fail=994 skip=294 | 31/min | ETA 7030s
  [1345/5021] ok=45 fail=1006 skip=294 | 31/min | ETA 7033s
  [1363/5021] ok=47 fail=1022 skip=294 | 31/min | ETA 6983s
  [1379/5021] ok=47 fail=1038 skip=294 | 31/min | ETA 6951s
  [1395/5021] ok=50 fail=1051 skip=294 | 31/min | ETA 6918s
  [1411/5021] ok=50 fail=1067 skip=294 | 31/min | ETA 6886s
  [1427/5021] ok=50 fail=1083 skip=294 | 31/min | ETA 6854s
  [1443/5021] ok=50 fail=1099 skip=294 | 31/min | ETA 6822s
  [1459/5021] ok=50 fail=1115 skip=294 | 31/min | ETA 6790s
  [1475/5021] ok=50 fail=1131 skip=294 | 31/min | ETA 6758s
  [1490/5021] ok=50 fail=1146 skip=294 | 31/min | ETA 6733s
  [1506/5021] ok=50 fail=1162 skip=294 | 31/min | ETA 6701s
  [1524/5021] ok=52 fail=1178 skip=294 | 32/min | ETA 6655s
  [1540/5021] ok=52 fail=1194 skip=294 | 32/min | ETA 6623s
  [1553/5021] ok=53 fail=1206 skip=294 | 31/min | ETA 6613s
  [1567/5021] ok=53 fail=1220 skip=294 | 31/min | ETA 6595s
  [1582/5021] ok=57 fail=1231 skip=294 | 31/min | ETA 6571s
  [1598/5021] ok=57 fail=1247 skip=294 | 31/min | ETA 6539s
  [1615/5021] ok=60 fail=1261 skip=294 | 31/min | ETA 6500s
  [1631/5021] ok=60 fail=1277 skip=294 | 31/min | ETA 6468s
  [1647/5021] ok=61 fail=1292 skip=294 | 31/min | ETA 6436s
  [1663/5021] ok=61 fail=1308 skip=294 | 31/min | ETA 6404s
  [1679/5021] ok=62 fail=1323 skip=294 | 31/min | ETA 6372s
  [1694/5021] ok=62 fail=1338 skip=294 | 31/min | ETA 6347s
  [1707/5021] ok=62 fail=1351 skip=294 | 31/min | ETA 6335s
  [1722/5021] ok=62 fail=1366 skip=294 | 31/min | ETA 6309s
  [1739/5021] ok=65 fail=1380 skip=294 | 31/min | ETA 6271s
  [1754/5021] ok=65 fail=1395 skip=294 | 31/min | ETA 6245s
  [1773/5021] ok=70 fail=1409 skip=294 | 31/min | ETA 6195s
  [1788/5021] ok=70 fail=1424 skip=294 | 31/min | ETA 6170s
  [1804/5021] ok=71 fail=1439 skip=294 | 31/min | ETA 6138s
  [1820/5021] ok=71 fail=1455 skip=294 | 31/min | ETA 6107s
  [1837/5021] ok=72 fail=1471 skip=294 | 31/min | ETA 6069s
  [1853/5021] ok=72 fail=1487 skip=294 | 31/min | ETA 6038s
  [1869/5021] ok=72 fail=1503 skip=294 | 31/min | ETA 6006s
  [1885/5021] ok=72 fail=1519 skip=294 | 31/min | ETA 5975s
  [1901/5021] ok=72 fail=1535 skip=294 | 31/min | ETA 5943s
  [1917/5021] ok=72 fail=1551 skip=294 | 32/min | ETA 5912s
  [1932/5021] ok=72 fail=1566 skip=294 | 31/min | ETA 5886s
  [1946/5021] ok=72 fail=1580 skip=294 | 31/min | ETA 5865s
  [1963/5021] ok=75 fail=1594 skip=294 | 31/min | ETA 5829s
  [1979/5021] ok=75 fail=1610 skip=294 | 31/min | ETA 5797s
  [1996/5021] ok=77 fail=1625 skip=294 | 32/min | ETA 5761s
  [2012/5021] ok=77 fail=1641 skip=294 | 32/min | ETA 5729s
  [2029/5021] ok=78 fail=1657 skip=294 | 32/min | ETA 5693s
  [2045/5021] ok=78 fail=1673 skip=294 | 32/min | ETA 5662s
  [2061/5021] ok=79 fail=1688 skip=294 | 32/min | ETA 5630s
  [2075/5021] ok=79 fail=1702 skip=294 | 32/min | ETA 5609s
  [2093/5021] ok=81 fail=1718 skip=294 | 32/min | ETA 5568s
  [2109/5021] ok=81 fail=1734 skip=294 | 32/min | ETA 5537s
  [2125/5021] ok=83 fail=1748 skip=294 | 32/min | ETA 5506s
  [2141/5021] ok=83 fail=1764 skip=294 | 32/min | ETA 5475s
  [2156/5021] ok=83 fail=1779 skip=294 | 32/min | ETA 5449s
  [2170/5021] ok=83 fail=1793 skip=294 | 32/min | ETA 5427s
  [2188/5021] ok=85 fail=1809 skip=294 | 32/min | ETA 5387s
  [2204/5021] ok=85 fail=1825 skip=294 | 32/min | ETA 5356s
  [2220/5021] ok=87 fail=1839 skip=294 | 32/min | ETA 5325s
  [2236/5021] ok=87 fail=1855 skip=294 | 32/min | ETA 5294s
  [2250/5021] ok=87 fail=1869 skip=294 | 32/min | ETA 5272s
  [2263/5021] ok=87 fail=1882 skip=294 | 31/min | ETA 5254s
  [2282/5021] ok=91 fail=1897 skip=294 | 32/min | ETA 5210s
  [2298/5021] ok=91 fail=1913 skip=294 | 32/min | ETA 5179s
  [2314/5021] ok=92 fail=1928 skip=294 | 32/min | ETA 5148s
  [2330/5021] ok=92 fail=1944 skip=294 | 32/min | ETA 5117s
  [2346/5021] ok=92 fail=1960 skip=294 | 32/min | ETA 5086s
  [2359/5021] ok=92 fail=1973 skip=294 | 32/min | ETA 5068s
  [2377/5021] ok=94 fail=1989 skip=294 | 32/min | ETA 5028s
  [2393/5021] ok=94 fail=2005 skip=294 | 32/min | ETA 4997s
  [2409/5021] ok=96 fail=2019 skip=294 | 32/min | ETA 4966s
  [2425/5021] ok=96 fail=2035 skip=294 | 32/min | ETA 4935s
  [2441/5021] ok=98 fail=2049 skip=294 | 32/min | ETA 4904s
  [2457/5021] ok=98 fail=2065 skip=294 | 32/min | ETA 4874s
  [2472/5021] ok=100 fail=2078 skip=294 | 32/min | ETA 4847s
  [2487/5021] ok=100 fail=2093 skip=294 | 32/min | ETA 4820s
  [2503/5021] ok=102 fail=2107 skip=294 | 32/min | ETA 4789s
  [2519/5021] ok=102 fail=2123 skip=294 | 32/min | ETA 4758s
  [2535/5021] ok=104 fail=2137 skip=294 | 32/min | ETA 4727s
  [2550/5021] ok=104 fail=2152 skip=294 | 32/min | ETA 4700s
  [2567/5021] ok=105 fail=2168 skip=294 | 32/min | ETA 4665s
  [2583/5021] ok=105 fail=2184 skip=294 | 32/min | ETA 4635s
  [2599/5021] ok=105 fail=2200 skip=294 | 32/min | ETA 4604s
  [2614/5021] ok=105 fail=2215 skip=294 | 32/min | ETA 4577s
  [2628/5021] ok=105 fail=2229 skip=294 | 32/min | ETA 4554s
  [2644/5021] ok=105 fail=2245 skip=294 | 32/min | ETA 4523s
  [2662/5021] ok=108 fail=2260 skip=294 | 32/min | ETA 4484s
  [2678/5021] ok=108 fail=2276 skip=294 | 32/min | ETA 4453s
  [2694/5021] ok=111 fail=2289 skip=294 | 32/min | ETA 4423s
  [2710/5021] ok=111 fail=2305 skip=294 | 32/min | ETA 4392s
  [2725/5021] ok=111 fail=2320 skip=294 | 32/min | ETA 4365s
  [2738/5021] ok=111 fail=2333 skip=294 | 32/min | ETA 4345s
  [2758/5021] ok=115 fail=2349 skip=294 | 32/min | ETA 4299s
  [2774/5021] ok=115 fail=2365 skip=294 | 32/min | ETA 4269s
  [2790/5021] ok=117 fail=2379 skip=294 | 32/min | ETA 4238s
  [2805/5021] ok=117 fail=2394 skip=294 | 32/min | ETA 4211s
  [2821/5021] ok=117 fail=2410 skip=294 | 32/min | ETA 4180s
  [2837/5021] ok=117 fail=2426 skip=294 | 32/min | ETA 4149s
  [2854/5021] ok=119 fail=2441 skip=294 | 32/min | ETA 4115s
  [2870/5021] ok=119 fail=2457 skip=294 | 32/min | ETA 4084s
  [2886/5021] ok=119 fail=2473 skip=294 | 32/min | ETA 4054s
  [2900/5021] ok=119 fail=2487 skip=294 | 32/min | ETA 4030s
  [2917/5021] ok=121 fail=2502 skip=294 | 32/min | ETA 3996s
  [2933/5021] ok=121 fail=2518 skip=294 | 32/min | ETA 3965s
  [2950/5021] ok=122 fail=2534 skip=294 | 32/min | ETA 3931s
  [2964/5021] ok=122 fail=2548 skip=294 | 32/min | ETA 3907s
  [2982/5021] ok=126 fail=2562 skip=294 | 32/min | ETA 3870s
  [2998/5021] ok=126 fail=2578 skip=294 | 32/min | ETA 3839s
  [3014/5021] ok=128 fail=2592 skip=294 | 32/min | ETA 3809s
  [3030/5021] ok=128 fail=2608 skip=294 | 32/min | ETA 3778s
  [3046/5021] ok=128 fail=2624 skip=294 | 32/min | ETA 3747s
  [3062/5021] ok=128 fail=2640 skip=294 | 32/min | ETA 3717s
  [3077/5021] ok=128 fail=2655 skip=294 | 32/min | ETA 3689s
  [3093/5021] ok=128 fail=2671 skip=294 | 32/min | ETA 3659s
  [3110/5021] ok=128 fail=2688 skip=294 | 32/min | ETA 3625s
  [3125/5021] ok=128 fail=2703 skip=294 | 32/min | ETA 3597s
  [3140/5021] ok=129 fail=2717 skip=294 | 32/min | ETA 3570s
  [3155/5021] ok=129 fail=2732 skip=294 | 32/min | ETA 3543s
  [3173/5021] ok=134 fail=2745 skip=294 | 32/min | ETA 3506s
  [3189/5021] ok=134 fail=2761 skip=294 | 32/min | ETA 3475s
  [3207/5021] ok=138 fail=2775 skip=294 | 32/min | ETA 3438s
  [3223/5021] ok=138 fail=2791 skip=294 | 32/min | ETA 3408s
  [3240/5021] ok=140 fail=2806 skip=294 | 32/min | ETA 3374s
  [3256/5021] ok=140 fail=2822 skip=294 | 32/min | ETA 3344s
  [3271/5021] ok=141 fail=2836 skip=294 | 32/min | ETA 3316s
  [3287/5021] ok=141 fail=2852 skip=294 | 32/min | ETA 3286s
  [3304/5021] ok=142 fail=2868 skip=294 | 32/min | ETA 3252s
  [3320/5021] ok=142 fail=2884 skip=294 | 32/min | ETA 3222s
  [3336/5021] ok=142 fail=2900 skip=294 | 32/min | ETA 3191s
  [3350/5021] ok=142 fail=2914 skip=294 | 32/min | ETA 3167s
  [3367/5021] ok=143 fail=2930 skip=294 | 32/min | ETA 3133s
  [3381/5021] ok=143 fail=2944 skip=294 | 32/min | ETA 3109s
  [3397/5021] ok=145 fail=2958 skip=294 | 32/min | ETA 3078s
  [3413/5021] ok=145 fail=2974 skip=294 | 32/min | ETA 3048s
  [3429/5021] ok=147 fail=2988 skip=294 | 32/min | ETA 3017s
  [3445/5021] ok=147 fail=3004 skip=294 | 32/min | ETA 2987s
  [3461/5021] ok=148 fail=3019 skip=294 | 32/min | ETA 2956s
  [3475/5021] ok=148 fail=3033 skip=294 | 32/min | ETA 2931s
  [3493/5021] ok=150 fail=3049 skip=294 | 32/min | ETA 2895s
  [3509/5021] ok=150 fail=3065 skip=294 | 32/min | ETA 2865s
  [3524/5021] ok=151 fail=3079 skip=294 | 32/min | ETA 2837s
  [3540/5021] ok=151 fail=3095 skip=294 | 32/min | ETA 2807s
  [3557/5021] ok=152 fail=3111 skip=294 | 32/min | ETA 2773s
  [3573/5021] ok=152 fail=3127 skip=294 | 32/min | ETA 2743s
  [3589/5021] ok=152 fail=3143 skip=294 | 32/min | ETA 2713s
  [3604/5021] ok=152 fail=3158 skip=294 | 32/min | ETA 2685s
  [3619/5021] ok=153 fail=3172 skip=294 | 32/min | ETA 2657s
  [3635/5021] ok=153 fail=3188 skip=294 | 32/min | ETA 2627s
  [3651/5021] ok=155 fail=3202 skip=294 | 32/min | ETA 2596s
  [3666/5021] ok=155 fail=3217 skip=294 | 32/min | ETA 2568s
  [3684/5021] ok=156 fail=3234 skip=294 | 32/min | ETA 2533s
  [3700/5021] ok=156 fail=3250 skip=294 | 32/min | ETA 2502s
  [3716/5021] ok=156 fail=3266 skip=294 | 32/min | ETA 2472s
  [3731/5021] ok=156 fail=3281 skip=294 | 32/min | ETA 2444s
  [3747/5021] ok=157 fail=3296 skip=294 | 32/min | ETA 2414s
  [3763/5021] ok=157 fail=3312 skip=294 | 32/min | ETA 2383s
  [3778/5021] ok=158 fail=3326 skip=294 | 32/min | ETA 2355s
  [3794/5021] ok=158 fail=3342 skip=294 | 32/min | ETA 2325s
  [3810/5021] ok=158 fail=3358 skip=294 | 32/min | ETA 2294s
  [3826/5021] ok=158 fail=3374 skip=294 | 32/min | ETA 2264s
  [3842/5021] ok=158 fail=3390 skip=294 | 32/min | ETA 2234s
