
==========================================================
  OHLCV Pre-fetch  [2026-05-18]
==========================================================
Failed to get ticker 'AIAI' reason: HTTPSConnectionPool(host='fc.yahoo.com', port=443): Max retries exceeded with url: / (Caused by SSLError(SSLCertVerificationError(1, '[SSL: CERTIFICATE_VERIFY_FAILED] certificate verify failed: self-signed certificate in certificate chain (_ssl.c:1010)')))

1 Failed download:
['AIAI']: SSLError(MaxRetryError("HTTPSConnectionPool(host='fc.yahoo.com', port=443): Max retries exceeded with url: / (Caused by SSLError(SSLCertVerificationError(1, '[SSL: CERTIFICATE_VERIFY_FAILED] certificate verify failed: self-signed certificate in certificate chain (_ssl.c:1010)')))"))
Failed to get ticker 'AVLN' reason: HTTPSConnectionPool(host='fc.yahoo.com', port=443): Max retries exceeded with url: / (Caused by SSLError(SSLCertVerificationError(1, '[SSL: CERTIFICATE_VERIFY_FAILED] certificate verify failed: self-signed certificate in certificate chain (_ssl.c:1010)')))

1 Failed download:
['AVLN']: SSLError(MaxRetryError("HTTPSConnectionPool(host='fc.yahoo.com', port=443): Max retries exceeded with url: / (Caused by SSLError(SSLCertVerificationError(1, '[SSL: CERTIFICATE_VERIFY_FAILED] certificate verify failed: self-signed certificate in certificate chain (_ssl.c:1010)')))"))
Failed to get ticker 'BOT' reason: HTTPSConnectionPool(host='fc.yahoo.com', port=443): Max retries exceeded with url: / (Caused by SSLError(SSLCertVerificationError(1, '[SSL: CERTIFICATE_VERIFY_FAILED] certificate verify failed: self-signed certificate in certificate chain (_ssl.c:1010)')))

1 Failed download:
['BOT']: SSLError(MaxRetryError("HTTPSConnectionPool(host='fc.yahoo.com', port=443): Max retries exceeded with url: / (Caused by SSLError(SSLCertVerificationError(1, '[SSL: CERTIFICATE_VERIFY_FAILED] certificate verify failed: self-signed certificate in certificate chain (_ssl.c:1010)')))"))
Failed to get ticker 'BRKS' reason: HTTPSConnectionPool(host='fc.yahoo.com', port=443): Max retries exceeded with url: / (Caused by SSLError(SSLCertVerificationError(1, '[SSL: CERTIFICATE_VERIFY_FAILED] certificate verify failed: self-signed certificate in certificate chain (_ssl.c:1010)')))

1 Failed download:
['BRKS']: SSLError(MaxRetryError("HTTPSConnectionPool(host='fc.yahoo.com', port=443): Max retries exceeded with url: / (Caused by SSLError(SSLCertVerificationError(1, '[SSL: CERTIFICATE_VERIFY_FAILED] certificate verify failed: self-signed certificate in certificate chain (_ssl.c:1010)')))"))
Failed to get ticker 'BWIV' reason: HTTPSConnectionPool(host='fc.yahoo.com', port=443): Max retries exceeded with url: / (Caused by SSLError(SSLCertVerificationError(1, '[SSL: CERTIFICATE_VERIFY_FAILED] certificate verify failed: self-signed certificate in certificate chain (_ssl.c:1010)')))

1 Failed download:
['BWIV']: SSLError(MaxRetryError("HTTPSConnectionPool(host='fc.yahoo.com', port=443): Max retries exceeded with url: / (Caused by SSLError(SSLCertVerificationError(1, '[SSL: CERTIFICATE_VERIFY_FAILED] certificate verify failed: self-signed certificate in certificate chain (_ssl.c:1010)')))"))
Failed to get ticker 'BXDC' reason: HTTPSConnectionPool(host='fc.yahoo.com', port=443): Max retries exceeded with url: / (Caused by SSLError(SSLCertVerificationError(1, '[SSL: CERTIFICATE_VERIFY_FAILED] certificate verify failed: self-signed certificate in certificate chain (_ssl.c:1010)')))

1 Failed download:
['BXDC']: SSLError(MaxRetryError("HTTPSConnectionPool(host='fc.yahoo.com', port=443): Max retries exceeded with url: / (Caused by SSLError(SSLCertVerificationError(1, '[SSL: CERTIFICATE_VERIFY_FAILED] certificate verify failed: self-signed certificate in certificate chain (_ssl.c:1010)')))"))
Failed to get ticker 'CBRS' reason: HTTPSConnectionPool(host='fc.yahoo.com', port=443): Max retries exceeded with url: / (Caused by SSLError(SSLCertVerificationError(1, '[SSL: CERTIFICATE_VERIFY_FAILED] certificate verify failed: self-signed certificate in certificate chain (_ssl.c:1010)')))

1 Failed download:
['CBRS']: SSLError(MaxRetryError("HTTPSConnectionPool(host='fc.yahoo.com', port=443): Max retries exceeded with url: / (Caused by SSLError(SSLCertVerificationError(1, '[SSL: CERTIFICATE_VERIFY_FAILED] certificate verify failed: self-signed certificate in certificate chain (_ssl.c:1010)')))"))
Failed to get ticker 'COAG' reason: HTTPSConnectionPool(host='fc.yahoo.com', port=443): Max retries exceeded with url: / (Caused by SSLError(SSLCertVerificationError(1, '[SSL: CERTIFICATE_VERIFY_FAILED] certificate verify failed: self-signed certificate in certificate chain (_ssl.c:1010)')))

1 Failed download:
['COAG']: SSLError(MaxRetryError("HTTPSConnectionPool(host='fc.yahoo.com', port=443): Max retries exceeded with url: / (Caused by SSLError(SSLCertVerificationError(1, '[SSL: CERTIFICATE_VERIFY_FAILED] certificate verify failed: self-signed certificate in certificate chain (_ssl.c:1010)')))"))
