2026-05-18 19:57:04,175  INFO     ============================================================
2026-05-18 19:57:04,176  INFO     AlphaAbsolute Theme Labeler starting
2026-05-18 19:57:04,176  INFO       force=False  dry_run=True  limit=10
2026-05-18 19:57:04,176  INFO     ============================================================
2026-05-18 19:57:04,201  INFO     RS universe: 1246 tickers
2026-05-18 19:57:04,203  INFO     Tickers in RS universe:   1246
2026-05-18 19:57:04,203  INFO     Already labeled:          156 (154 manual)
2026-05-18 19:57:04,203  INFO     To process:               10
2026-05-18 19:57:04,208  INFO       [1/10] Processing AGL ...
2026-05-18 19:59:26,590  INFO     
2026-05-18 19:59:26,590  INFO     ============================================================
2026-05-18 19:59:26,591  INFO     THEME LABELER COMPLETE
2026-05-18 19:59:26,591  INFO       Tickers processed:   10
2026-05-18 19:59:26,591  INFO       Cache hits:          0
2026-05-18 19:59:26,591  INFO       Polygon API fetches: 10
2026-05-18 19:59:26,591  INFO       Newly labeled:       7
2026-05-18 19:59:26,591  INFO         keyword match:     4
2026-05-18 19:59:26,591  INFO         SIC match:         3
2026-05-18 19:59:26,591  INFO       No match:            3
2026-05-18 19:59:26,591  INFO     
2026-05-18 19:59:26,591  INFO     By theme:
2026-05-18 19:59:26,592  INFO       AI_Related              4  eg: AMBQ, BAND, AXTI, AIP
2026-05-18 19:59:26,592  INFO       Photonics               1  eg: AEVA
2026-05-18 19:59:26,592  INFO       Space                   1  eg: ASPN
2026-05-18 19:59:26,592  INFO       DataCenter              1  eg: SMTC
2026-05-18 19:59:26,592  INFO     
2026-05-18 19:59:26,592  INFO     [DRY RUN] — no files written
2026-05-18 19:59:26,592  INFO     Would label:
2026-05-18 19:59:26,592  INFO       AMBQ     -> AI_Related  (sic)
2026-05-18 19:59:26,592  INFO       BAND     -> AI_Related  (sic)
2026-05-18 19:59:26,592  INFO       AXTI     -> AI_Related  (sic)
2026-05-18 19:59:26,593  INFO       AIP      -> AI_Related  (keyword)
2026-05-18 19:59:26,593  INFO       AEVA     -> Photonics  (keyword)
2026-05-18 19:59:26,593  INFO       ASPN     -> Space  (keyword)
2026-05-18 19:59:26,593  INFO       SMTC     -> DataCenter  (keyword)
2026-05-18 19:59:26,593  INFO     Done.
2026-05-18 20:00:23,632  INFO     ============================================================
2026-05-18 20:00:23,632  INFO     AlphaAbsolute Theme Labeler starting
2026-05-18 20:00:23,632  INFO       force=False  dry_run=True  limit=30
2026-05-18 20:00:23,632  INFO     ============================================================
2026-05-18 20:00:23,659  INFO     RS universe: 1246 tickers
2026-05-18 20:00:23,662  INFO     Tickers in RS universe:   1246
2026-05-18 20:00:23,662  INFO     Already labeled:          156 (154 manual)
2026-05-18 20:00:23,662  INFO     To process:               30
2026-05-18 20:00:23,666  INFO       [1/30] Processing AGL ...
2026-05-18 20:03:42,991  INFO       [25/30] Processing SM ...
2026-05-18 20:05:08,213  INFO     
2026-05-18 20:05:08,213  INFO     ============================================================
2026-05-18 20:05:08,213  INFO     THEME LABELER COMPLETE
2026-05-18 20:05:08,213  INFO       Tickers processed:   30
2026-05-18 20:05:08,213  INFO       Cache hits:          10
2026-05-18 20:05:08,213  INFO       Polygon API fetches: 20
2026-05-18 20:05:08,213  INFO       Newly labeled:       18
2026-05-18 20:05:08,213  INFO         keyword match:     13
2026-05-18 20:05:08,213  INFO         SIC match:         5
2026-05-18 20:05:08,213  INFO       No match:            12
2026-05-18 20:05:08,213  INFO     
2026-05-18 20:05:08,213  INFO     By theme:
2026-05-18 20:05:08,213  INFO       AI_Related              8  eg: AMBQ, BAND, AXTI, AIP, ATEX
2026-05-18 20:05:08,213  INFO       Photonics               3  eg: AEVA, OUST, AEHR
2026-05-18 20:05:08,213  INFO       DataCenter              3  eg: SMTC, ALAB, AKAM
2026-05-18 20:05:08,213  INFO       DefenseTech             3  eg: FTNT, BRCC, HUM
2026-05-18 20:05:08,213  INFO       Space                   1  eg: ASPN
2026-05-18 20:05:08,213  INFO     
2026-05-18 20:05:08,213  INFO     [DRY RUN] — no files written
2026-05-18 20:05:08,213  INFO     Would label:
2026-05-18 20:05:08,213  INFO       AMBQ     -> AI_Related  (sic)
2026-05-18 20:05:08,213  INFO       BAND     -> AI_Related  (sic)
2026-05-18 20:05:08,213  INFO       AXTI     -> AI_Related  (sic)
2026-05-18 20:05:08,213  INFO       AIP      -> AI_Related  (keyword)
2026-05-18 20:05:08,213  INFO       AEVA     -> Photonics  (keyword)
2026-05-18 20:05:08,213  INFO       ASPN     -> Space  (keyword)
2026-05-18 20:05:08,213  INFO       SMTC     -> DataCenter  (keyword)
2026-05-18 20:05:08,213  INFO       OUST     -> Photonics  (keyword)
2026-05-18 20:05:08,213  INFO       ATEX     -> AI_Related  (keyword)
2026-05-18 20:05:08,213  INFO       ALAB     -> DataCenter  (keyword)
2026-05-18 20:05:08,213  INFO       AGPU     -> AI_Related  (keyword)
2026-05-18 20:05:08,213  INFO       FTNT     -> DefenseTech  (keyword)
2026-05-18 20:05:08,213  INFO       AEHR     -> Photonics  (sic)
2026-05-18 20:05:08,213  INFO       BRCC     -> DefenseTech  (keyword)
2026-05-18 20:05:08,213  INFO       AKAM     -> DataCenter  (keyword)
2026-05-18 20:05:08,213  INFO       HUM      -> DefenseTech  (keyword)
2026-05-18 20:05:08,213  INFO       TXN      -> AI_Related  (sic)
2026-05-18 20:05:08,213  INFO       ABLV     -> AI_Related  (keyword)
2026-05-18 20:05:08,213  INFO     Done.
2026-05-18 20:08:30,826  INFO     ============================================================
2026-05-18 20:08:30,826  INFO     AlphaAbsolute Theme Labeler starting
2026-05-18 20:08:30,826  INFO       force=False  dry_run=True  limit=10
2026-05-18 20:08:30,826  INFO     ============================================================
2026-05-18 20:08:30,860  INFO     RS universe: 1246 tickers
2026-05-18 20:08:30,862  INFO     Tickers in RS universe:   1246
2026-05-18 20:08:30,864  INFO     Already labeled:          156 (154 manual)
2026-05-18 20:08:30,864  INFO     To process:               10
2026-05-18 20:08:30,864  INFO       [1/10] Processing AGL ...
2026-05-18 20:08:30,872  INFO     
2026-05-18 20:08:30,872  INFO     ============================================================
2026-05-18 20:08:30,872  INFO     THEME LABELER COMPLETE
2026-05-18 20:08:30,874  INFO       Tickers processed:   10
2026-05-18 20:08:30,874  INFO       Cache hits:          10
2026-05-18 20:08:30,874  INFO       Polygon API fetches: 0
2026-05-18 20:08:30,874  INFO       Newly labeled:       6
2026-05-18 20:08:30,874  INFO         keyword match:     3
2026-05-18 20:08:30,874  INFO         SIC match:         3
2026-05-18 20:08:30,874  INFO       No match:            4
2026-05-18 20:08:30,874  INFO     
2026-05-18 20:08:30,874  INFO     By theme:
2026-05-18 20:08:30,874  INFO       AI_Related              4  eg: AMBQ, BAND, AXTI, AIP
2026-05-18 20:08:30,876  INFO       Photonics               1  eg: AEVA
2026-05-18 20:08:30,876  INFO       DataCenter              1  eg: SMTC
2026-05-18 20:08:30,876  INFO     
2026-05-18 20:08:30,876  INFO     [DRY RUN] — no files written
2026-05-18 20:08:30,876  INFO     Would label:
2026-05-18 20:08:30,876  INFO       AMBQ     -> AI_Related  (sic)
2026-05-18 20:08:30,876  INFO       BAND     -> AI_Related  (sic)
2026-05-18 20:08:30,876  INFO       AXTI     -> AI_Related  (sic)
2026-05-18 20:08:30,876  INFO       AIP      -> AI_Related  (keyword)
2026-05-18 20:08:30,876  INFO       AEVA     -> Photonics  (keyword)
2026-05-18 20:08:30,878  INFO       SMTC     -> DataCenter  (keyword)
2026-05-18 20:08:30,878  INFO     Done.
2026-05-18 20:08:44,269  INFO     ============================================================
2026-05-18 20:08:44,269  INFO     AlphaAbsolute Theme Labeler starting
2026-05-18 20:08:44,269  INFO       force=False  dry_run=False  limit=none
2026-05-18 20:08:44,271  INFO     ============================================================
2026-05-18 20:08:44,311  INFO     RS universe: 1246 tickers
2026-05-18 20:08:44,311  INFO     Tickers in RS universe:   1246
2026-05-18 20:08:44,311  INFO     Already labeled:          156 (154 manual)
2026-05-18 20:08:44,311  INFO     To process:               1106
2026-05-18 20:08:44,325  INFO       [1/1106] Processing AGL ...
2026-05-18 20:08:44,568  INFO       [25/1106] Processing SM ...
2026-05-18 20:08:48,672  INFO     ============================================================
2026-05-18 20:08:48,672  INFO     AlphaAbsolute Theme Labeler starting
2026-05-18 20:08:48,672  INFO       force=False  dry_run=False  limit=none
2026-05-18 20:08:48,672  INFO     ============================================================
2026-05-18 20:08:48,706  INFO     RS universe: 1246 tickers
2026-05-18 20:08:48,709  INFO     Tickers in RS universe:   1246
2026-05-18 20:08:48,709  INFO     Already labeled:          156 (154 manual)
2026-05-18 20:08:48,709  INFO     To process:               1106
2026-05-18 20:08:48,713  INFO       [1/1106] Processing AGL ...
2026-05-18 20:08:48,727  INFO       [25/1106] Processing SM ...
2026-05-18 20:08:56,570  INFO     ============================================================
2026-05-18 20:08:56,571  INFO     AlphaAbsolute Theme Labeler starting
2026-05-18 20:08:56,571  INFO       force=False  dry_run=False  limit=none
2026-05-18 20:08:56,571  INFO     ============================================================
2026-05-18 20:08:56,650  INFO     RS universe: 1246 tickers
2026-05-18 20:08:56,666  INFO     Tickers in RS universe:   1246
2026-05-18 20:08:56,667  INFO     Already labeled:          156 (154 manual)
2026-05-18 20:08:56,668  INFO     To process:               1106
2026-05-18 20:08:56,669  INFO       [1/1106] Processing AGL ...
2026-05-18 20:08:56,702  INFO       [25/1106] Processing SM ...
2026-05-18 20:09:26,526  WARNING  IESC: 429 rate limit — sleeping 30s
2026-05-18 20:09:28,734  WARNING  IESC: 429 rate limit — sleeping 30s
2026-05-18 20:09:32,801  WARNING  IESC: 429 rate limit — sleeping 30s
2026-05-18 20:09:57,708  WARNING  ACDC: 429 rate limit — sleeping 30s
2026-05-18 20:09:59,951  WARNING  ACDC: 429 rate limit — sleeping 30s
2026-05-18 20:10:43,155  WARNING  ICHR: 429 rate limit — sleeping 30s
2026-05-18 20:10:45,384  WARNING  ICHR: 429 rate limit — sleeping 30s
2026-05-18 20:10:46,547  WARNING  ICHR: 429 rate limit — sleeping 30s
2026-05-18 20:11:31,921  WARNING  AMSC: 429 rate limit — sleeping 30s
2026-05-18 20:11:41,623  INFO       [50/1106] Processing BE ...
2026-05-18 20:11:42,805  WARNING  BE: 429 rate limit — sleeping 30s
2026-05-18 20:11:43,832  INFO       [50/1106] Processing BE ...
2026-05-18 20:11:45,013  WARNING  BE: 429 rate limit — sleeping 30s
2026-05-18 20:12:01,929  INFO       [50/1106] Processing BE ...
2026-05-18 20:12:30,414  WARNING  BORR: 429 rate limit — sleeping 30s
2026-05-18 20:12:31,592  WARNING  BORR: 429 rate limit — sleeping 30s
2026-05-18 20:12:42,606  WARNING  BORR: 429 rate limit — sleeping 30s
2026-05-18 20:13:28,111  WARNING  ASTH: 429 rate limit — sleeping 30s
2026-05-18 20:13:30,137  WARNING  ASTH: 429 rate limit — sleeping 30s
2026-05-18 20:13:31,382  WARNING  ASTH: 429 rate limit — sleeping 30s
2026-05-18 20:13:59,314  WARNING  JBHT: 429 rate limit — sleeping 30s
2026-05-18 20:14:30,592  WARNING  KNX: 429 rate limit — sleeping 30s
2026-05-18 20:14:31,142  WARNING  NOVT: 429 rate limit — sleeping 30s
2026-05-18 20:14:43,875  WARNING  NOVT: 429 rate limit — sleeping 30s
2026-05-18 20:15:29,279  WARNING  MTZ: 429 rate limit — sleeping 30s
2026-05-18 20:15:30,211  WARNING  MTZ: 429 rate limit — sleeping 30s
2026-05-18 20:15:30,931  WARNING  MTZ: 429 rate limit — sleeping 30s
2026-05-18 20:16:16,366  WARNING  SU: 429 rate limit — sleeping 30s
2026-05-18 20:16:28,928  WARNING  SU: 429 rate limit — sleeping 30s
2026-05-18 20:16:29,786  WARNING  SU: 429 rate limit — sleeping 30s
2026-05-18 20:16:47,662  WARNING  HAL: 429 rate limit — sleeping 30s
2026-05-18 20:17:17,685  INFO       [75/1106] Processing UNH ...
2026-05-18 20:17:27,338  INFO       [75/1106] Processing UNH ...
2026-05-18 20:17:28,245  INFO       [75/1106] Processing UNH ...
2026-05-18 20:17:28,507  WARNING  BB: 429 rate limit — sleeping 30s
2026-05-18 20:17:29,424  WARNING  BB: 429 rate limit — sleeping 30s
2026-05-18 20:17:33,055  WARNING  BB: 429 rate limit — sleeping 30s
2026-05-18 20:17:59,702  WARNING  OXY: 429 rate limit — sleeping 30s
2026-05-18 20:18:30,945  WARNING  AMWL: 429 rate limit — sleeping 30s
2026-05-18 20:18:32,807  WARNING  AMWL: 429 rate limit — sleeping 30s
2026-05-18 20:18:43,188  WARNING  AMWL: 429 rate limit — sleeping 30s
2026-05-18 20:19:28,795  WARNING  KRYS: 429 rate limit — sleeping 30s
2026-05-18 20:19:30,581  WARNING  KRYS: 429 rate limit — sleeping 30s
2026-05-18 20:19:32,653  WARNING  KRYS: 429 rate limit — sleeping 30s
2026-05-18 20:20:18,178  WARNING  ALOT: 429 rate limit — sleeping 30s
2026-05-18 20:20:28,609  WARNING  ALOT: 429 rate limit — sleeping 30s
2026-05-18 20:20:30,792  WARNING  ALOT: 429 rate limit — sleeping 30s
2026-05-18 20:20:49,349  WARNING  BLMN: 429 rate limit — sleeping 30s
2026-05-18 20:20:59,802  WARNING  BLMN: 429 rate limit — sleeping 30s
2026-05-18 20:21:34,798  WARNING  AIZ: 429 rate limit — sleeping 30s
2026-05-18 20:21:44,630  WARNING  AIZ: 429 rate limit — sleeping 30s
2026-05-18 20:21:45,217  WARNING  AIZ: 429 rate limit — sleeping 30s
2026-05-18 20:22:04,799  INFO       [100/1106] Processing VLO ...
2026-05-18 20:22:14,633  INFO       [100/1106] Processing VLO ...
2026-05-18 20:22:15,222  INFO       [100/1106] Processing VLO ...
2026-05-18 20:31:33,234  INFO     ============================================================
2026-05-18 20:31:33,235  INFO     AlphaAbsolute Theme Labeler starting
2026-05-18 20:31:33,235  INFO       force=False  dry_run=True  limit=30
2026-05-18 20:31:33,235  INFO     ============================================================
2026-05-18 20:31:33,275  INFO     RS universe: 1246 tickers
2026-05-18 20:31:33,281  INFO     Tickers in RS universe:   1246
2026-05-18 20:31:33,281  INFO     Already labeled:          156 (154 manual)
2026-05-18 20:31:33,281  INFO     To process:               30
2026-05-18 20:31:33,281  INFO       [1/30] Processing AGL ...
2026-05-18 20:31:33,302  INFO       [25/30] Processing SM ...
2026-05-18 20:31:33,306  INFO     
2026-05-18 20:31:33,306  INFO     ============================================================
2026-05-18 20:31:33,306  INFO     THEME LABELER COMPLETE
2026-05-18 20:31:33,306  INFO       Tickers processed:   30
2026-05-18 20:31:33,306  INFO       Cache hits:          30
2026-05-18 20:31:33,307  INFO       Polygon API fetches: 0
2026-05-18 20:31:33,307  INFO       Newly labeled:       6
2026-05-18 20:31:33,307  INFO         keyword match:     6
2026-05-18 20:31:33,307  INFO         SIC match:         0
2026-05-18 20:31:33,307  INFO       No match:            24
2026-05-18 20:31:33,307  INFO     
2026-05-18 20:31:33,307  INFO     By theme:
2026-05-18 20:31:33,307  INFO       AI_Related              2  eg: AIP, ABLV
2026-05-18 20:31:33,307  INFO       Robotics                2  eg: AEVA, OUST
2026-05-18 20:31:33,307  INFO       Photonics               1  eg: AXTI
2026-05-18 20:31:33,307  INFO       DataCenter              1  eg: AKAM
2026-05-18 20:31:33,307  INFO     
2026-05-18 20:31:33,308  INFO     [DRY RUN] — no files written
2026-05-18 20:31:33,308  INFO     Would label:
2026-05-18 20:31:33,308  INFO       AXTI     -> Photonics  (keyword)
2026-05-18 20:31:33,308  INFO       AIP      -> AI_Related  (keyword)
2026-05-18 20:31:33,308  INFO       AEVA     -> Robotics  (keyword)
2026-05-18 20:31:33,308  INFO       OUST     -> Robotics  (keyword)
2026-05-18 20:31:33,308  INFO       AKAM     -> DataCenter  (keyword)
2026-05-18 20:31:33,308  INFO       ABLV     -> AI_Related  (keyword)
2026-05-18 20:31:33,308  INFO     Done.
2026-05-18 20:37:19,532  INFO     ============================================================
2026-05-18 20:37:19,533  INFO     AlphaAbsolute Theme Labeler starting
2026-05-18 20:37:19,533  INFO       force=False  dry_run=False  limit=none
2026-05-18 20:37:19,533  INFO     ============================================================
2026-05-18 20:37:19,595  INFO     RS universe: 1246 tickers
2026-05-18 20:37:19,598  INFO     Tickers in RS universe:   1246
2026-05-18 20:37:19,598  INFO     Already labeled:          156 (154 manual)
2026-05-18 20:37:19,600  INFO     To process:               1106
2026-05-18 20:37:19,604  INFO       [1/1106] Processing AGL ...
2026-05-18 20:37:19,715  INFO       [25/1106] Processing SM ...
2026-05-18 20:37:19,901  INFO       [50/1106] Processing BE ...
2026-05-18 20:37:20,264  INFO       [75/1106] Processing UNH ...
2026-05-18 20:37:20,435  INFO       [100/1106] Processing VLO ...
2026-05-18 20:37:20,442  INFO     Saved ticker_labels.json — 165 total (154 manual, 10 keyword, 1 sic)
2026-05-18 20:37:20,442  INFO       [checkpoint] saved 165 labels
2026-05-18 20:37:20,935  INFO       [125/1106] Processing COP ...
2026-05-18 20:37:21,499  INFO       [150/1106] Processing ACRS ...
2026-05-18 20:37:23,635  INFO       [175/1106] Processing CVX ...
2026-05-18 20:37:24,196  INFO       [200/1106] Processing AXGN ...
2026-05-18 20:37:24,217  INFO     Saved ticker_labels.json — 165 total (154 manual, 10 keyword, 1 sic)
2026-05-18 20:37:24,217  INFO       [checkpoint] saved 165 labels
2026-05-18 20:37:24,787  INFO       [225/1106] Processing WMT ...
2026-05-18 20:37:25,566  INFO       [250/1106] Processing AFL ...
2026-05-18 20:37:26,209  INFO       [275/1106] Processing BIII ...
2026-05-18 20:37:26,980  INFO       [300/1106] Processing ANSS ...
2026-05-18 20:37:28,800  INFO       [325/1106] Processing AFCG ...
2026-05-18 20:37:29,399  INFO       [350/1106] Processing BOLD ...
2026-05-18 20:37:30,118  INFO       [375/1106] Processing FAMI ...
2026-05-18 20:37:33,106  INFO       [400/1106] Processing AD ...
2026-05-18 20:37:33,159  INFO     Saved ticker_labels.json — 165 total (154 manual, 10 keyword, 1 sic)
2026-05-18 20:37:33,159  INFO       [checkpoint] saved 165 labels
2026-05-18 20:37:33,897  INFO       [425/1106] Processing BCBP ...
2026-05-18 20:37:34,699  INFO       [450/1106] Processing AMCX ...
2026-05-18 20:37:36,082  INFO       [475/1106] Processing ADAMZ ...
2026-05-18 20:37:36,772  INFO       [500/1106] Processing BC ...
2026-05-18 20:37:36,805  INFO     Saved ticker_labels.json — 165 total (154 manual, 10 keyword, 1 sic)
2026-05-18 20:37:36,805  INFO       [checkpoint] saved 165 labels
2026-05-18 20:37:37,535  INFO       [525/1106] Processing AXG ...
2026-05-18 20:37:38,122  INFO       [550/1106] Processing AFYA ...
2026-05-18 20:37:38,684  INFO       [575/1106] Processing AMGN ...
2026-05-18 20:37:39,200  INFO       [600/1106] Processing ACAD ...
2026-05-18 20:37:39,219  INFO     Saved ticker_labels.json — 165 total (154 manual, 10 keyword, 1 sic)
2026-05-18 20:37:39,219  INFO       [checkpoint] saved 165 labels
2026-05-18 20:37:39,742  INFO       [625/1106] Processing BGDE ...
2026-05-18 20:37:40,307  INFO       [650/1106] Processing TJX ...
2026-05-18 20:37:40,986  INFO       [675/1106] Processing PH ...
2026-05-18 20:37:41,737  INFO       [700/1106] Processing ZBH ...
2026-05-18 20:37:41,777  INFO     Saved ticker_labels.json — 165 total (154 manual, 10 keyword, 1 sic)
2026-05-18 20:37:41,777  INFO       [checkpoint] saved 165 labels
2026-05-18 20:37:42,470  INFO       [725/1106] Processing EXC ...
2026-05-18 20:37:43,211  INFO       [750/1106] Processing ACFN ...
2026-05-18 20:37:43,907  INFO       [775/1106] Processing AFJK ...
2026-05-18 20:37:44,655  INFO       [800/1106] Processing AKA ...
2026-05-18 20:37:44,679  INFO     Saved ticker_labels.json — 165 total (154 manual, 10 keyword, 1 sic)
2026-05-18 20:37:44,679  INFO       [checkpoint] saved 165 labels
2026-05-18 20:37:59,490  INFO       [825/1106] Processing AEI ...
2026-05-18 20:37:59,833  INFO       [850/1106] Processing AQN ...
2026-05-18 20:38:00,216  INFO       [875/1106] Processing AIXC ...
2026-05-18 20:38:00,653  INFO       [900/1106] Processing CRL ...
2026-05-18 20:38:00,669  INFO     Saved ticker_labels.json — 165 total (154 manual, 10 keyword, 1 sic)
2026-05-18 20:38:00,670  INFO       [checkpoint] saved 165 labels
2026-05-18 20:38:01,119  INFO       [925/1106] Processing AVO ...
2026-05-18 20:38:01,782  INFO       [950/1106] Processing BFAM ...
2026-05-18 20:38:02,648  INFO       [975/1106] Processing ALGS ...
2026-05-18 20:38:03,316  INFO       [1000/1106] Processing ARVN ...
2026-05-18 20:38:03,349  INFO     Saved ticker_labels.json — 165 total (154 manual, 10 keyword, 1 sic)
2026-05-18 20:38:03,349  INFO       [checkpoint] saved 165 labels
2026-05-18 20:38:04,152  INFO       [1025/1106] Processing BSX ...
2026-05-18 20:38:04,951  INFO       [1050/1106] Processing BBNX ...
2026-05-18 20:38:05,623  INFO       [1075/1106] Processing BLKB ...
2026-05-18 20:38:06,202  INFO       [1100/1106] Processing BLNE ...
2026-05-18 20:38:06,235  INFO     Saved ticker_labels.json — 165 total (154 manual, 10 keyword, 1 sic)
2026-05-18 20:38:06,235  INFO       [checkpoint] saved 165 labels
2026-05-18 20:38:06,361  INFO     
2026-05-18 20:38:06,361  INFO     ============================================================
2026-05-18 20:38:06,361  INFO     THEME LABELER COMPLETE
2026-05-18 20:38:06,361  INFO       Tickers processed:   1106
2026-05-18 20:38:06,361  INFO       Cache hits:          1102
2026-05-18 20:38:06,361  INFO       Polygon API fetches: 1
2026-05-18 20:38:06,361  INFO       Newly labeled:       9
2026-05-18 20:38:06,361  INFO         keyword match:     8
2026-05-18 20:38:06,361  INFO         SIC match:         1
2026-05-18 20:38:06,362  INFO       No match:            1097
2026-05-18 20:38:06,362  INFO     
2026-05-18 20:38:06,362  INFO     By theme:
2026-05-18 20:38:06,362  INFO       Robotics                3  eg: AEVA, OUST, AMSC
2026-05-18 20:38:06,362  INFO       AI_Related              2  eg: AIP, ABLV
2026-05-18 20:38:06,362  INFO       Photonics               1  eg: AXTI
2026-05-18 20:38:06,362  INFO       DataCenter              1  eg: AKAM
2026-05-18 20:38:06,362  INFO       NeoCloud                1  eg: APLD
2026-05-18 20:38:06,363  INFO       Quantum                 1  eg: ALMU
2026-05-18 20:38:06,366  INFO     Saved ticker_labels.json — 165 total (154 manual, 10 keyword, 1 sic)
2026-05-18 20:38:06,367  WARNING  SQLite sync failed: No module named 'scripts.utils'
2026-05-18 20:38:06,369  INFO     Report saved: C:\Users\Pizza\OneDrive\Desktop\AlphaAbsolute\data\themes\theme_labeler_report.json
2026-05-18 20:38:06,369  INFO     Done.
2026-05-18 20:52:44,876  INFO     ============================================================
2026-05-18 20:52:44,876  INFO     AlphaAbsolute Theme Labeler starting
2026-05-18 20:52:44,876  INFO       force=True  dry_run=False  limit=none
2026-05-18 20:52:44,876  INFO     ============================================================
2026-05-18 20:52:44,905  INFO     RS universe: 1246 tickers
2026-05-18 20:52:44,923  INFO     Tickers in RS universe:   1246
2026-05-18 20:52:44,924  INFO     Already labeled:          165 (154 manual)
2026-05-18 20:52:44,924  INFO     To process:               1097
2026-05-18 20:52:44,924  INFO       [1/1097] Processing AGL ...
2026-05-18 20:58:28,361  INFO       [25/1097] Processing ESOA ...
2026-05-18 21:04:26,070  INFO       [50/1097] Processing JBHT ...
2026-05-18 21:10:24,654  INFO       [75/1097] Processing AAON ...
2026-05-18 21:16:22,622  INFO       [100/1097] Processing CGNX ...
2026-05-18 21:16:36,925  INFO     Saved ticker_labels.json — 165 total (154 manual, 10 keyword, 1 sic)
2026-05-18 21:16:36,925  INFO       [checkpoint] saved 165 labels
2026-05-18 21:20:07,378  INFO     ============================================================
2026-05-18 21:20:07,380  INFO     AlphaAbsolute Theme Labeler starting
2026-05-18 21:20:07,380  INFO       force=False  dry_run=False  limit=none
2026-05-18 21:20:07,380  INFO     ============================================================
2026-05-18 21:20:07,409  INFO     RS universe: 1246 tickers
2026-05-18 21:20:07,409  INFO     Tickers in RS universe:   1246
2026-05-18 21:20:07,409  INFO     Already labeled:          157 (150 manual)
2026-05-18 21:20:07,409  INFO     To process:               1102
2026-05-18 21:20:07,409  INFO       [1/1102] Processing AGL ...
2026-05-18 21:20:08,029  INFO       [25/1102] Processing ABLV ...
2026-05-18 21:20:08,714  INFO       [50/1102] Processing CVS ...
2026-05-18 21:20:09,349  INFO       [75/1102] Processing AMWL ...
2026-05-18 21:20:09,935  INFO       [100/1102] Processing ARM ...
2026-05-18 21:20:09,961  INFO     Saved ticker_labels.json — 159 total (150 manual, 8 keyword, 1 sic)
2026-05-18 21:20:09,961  INFO       [checkpoint] saved 159 labels
2026-05-18 21:20:10,501  INFO       [125/1102] Processing MO ...
2026-05-18 21:20:12,109  INFO       [150/1102] Processing S ...
2026-05-18 21:20:12,463  INFO       [175/1102] Processing AIT ...
2026-05-18 21:20:12,885  INFO       [200/1102] Processing QRVO ...
2026-05-18 21:20:12,916  INFO     Saved ticker_labels.json — 160 total (150 manual, 8 keyword, 2 sic)
2026-05-18 21:20:12,916  INFO       [checkpoint] saved 160 labels
2026-05-18 21:20:13,277  INFO       [225/1102] Processing APYX ...
2026-05-18 21:20:13,863  INFO       [250/1102] Processing NSC ...
2026-05-18 21:20:14,346  INFO       [275/1102] Processing AFG ...
2026-05-18 21:20:16,201  INFO       [300/1102] Processing BCSS ...
2026-05-18 21:20:16,255  INFO     Saved ticker_labels.json — 160 total (150 manual, 8 keyword, 2 sic)
2026-05-18 21:20:16,256  INFO       [checkpoint] saved 160 labels
2026-05-18 21:20:17,037  INFO       [325/1102] Processing FDX ...
2026-05-18 21:20:17,663  INFO       [350/1102] Processing RSG ...
2026-05-18 21:20:19,678  INFO       [375/1102] Processing MPLX ...
2026-05-18 21:20:20,017  INFO       [400/1102] Processing BHF ...
2026-05-18 21:20:20,032  INFO     Saved ticker_labels.json — 160 total (150 manual, 8 keyword, 2 sic)
2026-05-18 21:20:20,032  INFO       [checkpoint] saved 160 labels
2026-05-18 21:20:20,346  INFO       [425/1102] Processing HUN ...
2026-05-18 21:20:20,659  INFO       [450/1102] Processing AB ...
2026-05-18 21:20:20,968  INFO       [475/1102] Processing WLDN ...
2026-05-18 21:20:21,302  INFO       [500/1102] Processing BANX ...
2026-05-18 21:20:21,316  INFO     Saved ticker_labels.json — 160 total (150 manual, 8 keyword, 2 sic)
2026-05-18 21:20:21,316  INFO       [checkpoint] saved 160 labels
2026-05-18 21:20:21,652  INFO       [525/1102] Processing ACI ...
2026-05-18 21:20:22,094  INFO       [550/1102] Processing AUB ...
2026-05-18 21:20:22,601  INFO       [575/1102] Processing TENB ...
2026-05-18 21:20:23,106  INFO       [600/1102] Processing DIS ...
2026-05-18 21:20:23,125  INFO     Saved ticker_labels.json — 160 total (150 manual, 8 keyword, 2 sic)
2026-05-18 21:20:23,125  INFO       [checkpoint] saved 160 labels
2026-05-18 21:20:23,538  INFO       [625/1102] Processing PEP ...
2026-05-18 21:20:23,945  INFO       [650/1102] Processing AIFF ...
2026-05-18 21:20:24,557  INFO       [675/1102] Processing ALKT ...
2026-05-18 21:20:25,170  INFO       [700/1102] Processing ARTV ...
2026-05-18 21:20:25,190  INFO     Saved ticker_labels.json — 160 total (150 manual, 8 keyword, 2 sic)
2026-05-18 21:20:25,191  INFO       [checkpoint] saved 160 labels
2026-05-18 21:20:25,696  INFO       [725/1102] Processing RBBN ...
2026-05-18 21:20:26,233  INFO       [750/1102] Processing BMM ...
2026-05-18 21:20:26,871  INFO       [775/1102] Processing ACB ...
2026-05-18 21:20:27,489  INFO       [800/1102] Processing AHCO ...
2026-05-18 21:20:27,527  INFO     Saved ticker_labels.json — 160 total (150 manual, 8 keyword, 2 sic)
2026-05-18 21:20:27,528  INFO       [checkpoint] saved 160 labels
2026-05-18 21:20:28,169  INFO       [825/1102] Processing ALRM ...
2026-05-18 21:20:28,762  INFO       [850/1102] Processing DHI ...
2026-05-18 21:20:29,352  INFO       [875/1102] Processing ALGN ...
2026-05-18 21:20:29,838  INFO       [900/1102] Processing CRCT ...
2026-05-18 21:20:29,857  INFO     Saved ticker_labels.json — 160 total (150 manual, 8 keyword, 2 sic)
2026-05-18 21:20:29,857  INFO       [checkpoint] saved 160 labels
2026-05-18 21:20:30,304  INFO       [925/1102] Processing TMO ...
2026-05-18 21:20:30,857  INFO       [950/1102] Processing ADVB ...
2026-05-18 21:20:31,353  INFO       [975/1102] Processing TTD ...
2026-05-18 21:20:31,929  INFO       [1000/1102] Processing DPZ ...
2026-05-18 21:20:31,957  INFO     Saved ticker_labels.json — 160 total (150 manual, 8 keyword, 2 sic)
2026-05-18 21:20:31,958  INFO       [checkpoint] saved 160 labels
2026-05-18 21:20:32,443  INFO       [1025/1102] Processing AKBA ...
2026-05-18 21:20:32,958  INFO       [1050/1102] Processing EPOW ...
2026-05-18 21:20:33,425  INFO       [1075/1102] Processing PODD ...
2026-05-18 21:20:33,912  INFO       [1100/1102] Processing BRCB ...
2026-05-18 21:20:33,939  INFO     Saved ticker_labels.json — 160 total (150 manual, 8 keyword, 2 sic)
2026-05-18 21:20:33,939  INFO       [checkpoint] saved 160 labels
2026-05-18 21:20:33,979  INFO     
2026-05-18 21:20:33,979  INFO     ============================================================
2026-05-18 21:20:33,979  INFO     THEME LABELER COMPLETE
2026-05-18 21:20:33,979  INFO       Tickers processed:   1102
2026-05-18 21:20:33,979  INFO       Cache hits:          1099
2026-05-18 21:20:33,980  INFO       Polygon API fetches: 0
2026-05-18 21:20:33,980  INFO       Newly labeled:       3
2026-05-18 21:20:33,980  INFO         keyword match:     1
2026-05-18 21:20:33,980  INFO         SIC match:         2
2026-05-18 21:20:33,980  INFO       No match:            1099
2026-05-18 21:20:33,980  INFO     
2026-05-18 21:20:33,980  INFO     By theme:
2026-05-18 21:20:33,980  INFO       Robotics                2  eg: AMSC, GNRC
2026-05-18 21:20:33,981  INFO       AI_Related              1  eg: ABLV
2026-05-18 21:20:33,988  INFO     Saved ticker_labels.json — 160 total (150 manual, 8 keyword, 2 sic)
2026-05-18 21:20:34,063  INFO     SQLite company_info: 160 labels synced to ohlcv.db
2026-05-18 21:20:34,065  INFO     Report saved: C:\Users\Pizza\OneDrive\Desktop\AlphaAbsolute\data\themes\theme_labeler_report.json
2026-05-18 21:20:34,065  INFO     Done.
2026-05-18 21:20:41,808  WARNING  ABSI: 429 rate limit — sleeping 65s then retrying once
2026-05-18 21:20:50,243  INFO     ============================================================
2026-05-18 21:20:50,244  INFO     AlphaAbsolute Theme Labeler starting
2026-05-18 21:20:50,244  INFO       force=False  dry_run=False  limit=none
2026-05-18 21:20:50,244  INFO     ============================================================
2026-05-18 21:20:50,307  INFO     RS universe: 1246 tickers
2026-05-18 21:20:50,307  INFO     Tickers in RS universe:   1246
2026-05-18 21:20:50,307  INFO     Already labeled:          160 (150 manual)
2026-05-18 21:20:50,320  INFO     To process:               1099
2026-05-18 21:20:50,320  INFO       [1/1099] Processing AGL ...
2026-05-18 21:20:50,910  INFO       [25/1099] Processing ESOA ...
2026-05-18 21:20:51,515  INFO       [50/1099] Processing JBHT ...
2026-05-18 21:20:52,084  INFO       [75/1099] Processing AAON ...
2026-05-18 21:20:52,597  INFO       [100/1099] Processing CGNX ...
2026-05-18 21:20:52,619  INFO     Saved ticker_labels.json — 160 total (150 manual, 8 keyword, 2 sic)
2026-05-18 21:20:52,619  INFO       [checkpoint] saved 160 labels
2026-05-18 21:20:53,109  INFO       [125/1099] Processing DY ...
2026-05-18 21:20:54,742  WARNING  TPH: 429 rate limit — sleeping 65s then retrying once
2026-05-18 21:22:01,097  INFO       [150/1099] Processing ADUR ...
2026-05-18 21:22:01,773  INFO       [175/1099] Processing BKHA ...
2026-05-18 21:22:02,462  INFO       [200/1099] Processing ATRA ...
2026-05-18 21:22:02,504  INFO     Saved ticker_labels.json — 160 total (150 manual, 8 keyword, 2 sic)
2026-05-18 21:22:02,504  INFO       [checkpoint] saved 160 labels
2026-05-18 21:22:03,169  INFO       [225/1099] Processing ALRS ...
2026-05-18 21:22:03,795  INFO       [250/1099] Processing AAT ...
2026-05-18 21:22:04,450  INFO       [275/1099] Processing BJ ...
2026-05-18 21:22:06,311  INFO       [300/1099] Processing MAR ...
2026-05-18 21:22:06,351  INFO     Saved ticker_labels.json — 160 total (150 manual, 8 keyword, 2 sic)
2026-05-18 21:22:06,351  INFO       [checkpoint] saved 160 labels
2026-05-18 21:22:06,928  INFO       [325/1099] Processing ATLCL ...
2026-05-18 21:22:07,553  INFO       [350/1099] Processing ADAMH ...
2026-05-18 21:22:09,355  INFO       [375/1099] Processing PRU ...
2026-05-18 21:22:09,964  INFO       [400/1099] Processing PGR ...
2026-05-18 21:22:09,992  INFO     Saved ticker_labels.json — 160 total (150 manual, 8 keyword, 2 sic)
2026-05-18 21:22:09,992  INFO       [checkpoint] saved 160 labels
2026-05-18 21:22:10,666  INFO       [425/1099] Processing AXS ...
2026-05-18 21:22:11,366  INFO       [450/1099] Processing DE ...
2026-05-18 21:22:12,042  INFO       [475/1099] Processing L ...
2026-05-18 21:22:12,782  INFO       [500/1099] Processing HALO ...
2026-05-18 21:22:12,823  INFO     Saved ticker_labels.json — 160 total (150 manual, 8 keyword, 2 sic)
2026-05-18 21:22:12,823  INFO       [checkpoint] saved 160 labels
2026-05-18 21:22:13,536  INFO       [525/1099] Processing AER ...
2026-05-18 21:22:14,164  INFO       [550/1099] Processing DNOW ...
2026-05-18 21:22:14,760  INFO       [575/1099] Processing JPM ...
2026-05-18 21:22:15,292  INFO       [600/1099] Processing BGMS ...
2026-05-18 21:22:15,322  INFO     Saved ticker_labels.json — 160 total (150 manual, 8 keyword, 2 sic)
2026-05-18 21:22:15,322  INFO       [checkpoint] saved 160 labels
2026-05-18 21:22:15,846  INFO       [625/1099] Processing CALC ...
2026-05-18 21:22:16,599  INFO       [650/1099] Processing PCTY ...
2026-05-18 21:22:17,683  INFO       [675/1099] Processing BANF ...
2026-05-18 21:22:18,643  INFO       [700/1099] Processing BYD ...
2026-05-18 21:22:18,677  INFO     Saved ticker_labels.json — 160 total (150 manual, 8 keyword, 2 sic)
2026-05-18 21:22:18,677  INFO       [checkpoint] saved 160 labels
2026-05-18 21:22:19,473  INFO       [725/1099] Processing ADNT ...
2026-05-18 21:22:20,015  INFO       [750/1099] Processing CPRT ...
2026-05-18 21:22:20,569  INFO       [775/1099] Processing ACET ...
2026-05-18 21:22:21,145  INFO       [800/1099] Processing AHT ...
2026-05-18 21:22:21,169  INFO     Saved ticker_labels.json — 160 total (150 manual, 8 keyword, 2 sic)
2026-05-18 21:22:21,170  INFO       [checkpoint] saved 160 labels
2026-05-18 21:22:21,638  INFO       [825/1099] Processing BKE ...
2026-05-18 21:22:22,048  INFO       [850/1099] Processing AWRE ...
2026-05-18 21:22:22,524  INFO       [875/1099] Processing AEMD ...
2026-05-18 21:22:23,042  INFO       [900/1099] Processing TOL ...
2026-05-18 21:22:23,069  INFO     Saved ticker_labels.json — 160 total (150 manual, 8 keyword, 2 sic)
2026-05-18 21:22:23,069  INFO       [checkpoint] saved 160 labels
2026-05-18 21:22:23,600  INFO       [925/1099] Processing AZ ...
2026-05-18 21:22:24,168  INFO       [950/1099] Processing AQMS ...
2026-05-18 21:22:24,702  INFO       [975/1099] Processing BCC ...
2026-05-18 21:22:26,047  INFO       [1000/1099] Processing BFRG ...
2026-05-18 21:22:26,085  INFO     Saved ticker_labels.json — 160 total (150 manual, 8 keyword, 2 sic)
2026-05-18 21:22:26,085  INFO       [checkpoint] saved 160 labels
2026-05-18 21:22:26,697  INFO       [1025/1099] Processing BMI ...
2026-05-18 21:22:27,269  INFO       [1050/1099] Processing BJDX ...
2026-05-18 21:22:27,725  INFO       [1075/1099] Processing CHTR ...
2026-05-18 21:22:28,311  INFO     
2026-05-18 21:22:28,312  INFO     ============================================================
2026-05-18 21:22:28,312  INFO     THEME LABELER COMPLETE
2026-05-18 21:22:28,312  INFO       Tickers processed:   1099
2026-05-18 21:22:28,312  INFO       Cache hits:          1096
2026-05-18 21:22:28,313  INFO       Polygon API fetches: 0
2026-05-18 21:22:28,313  INFO       Newly labeled:       0
2026-05-18 21:22:28,313  INFO         keyword match:     0
2026-05-18 21:22:28,313  INFO         SIC match:         0
2026-05-18 21:22:28,314  INFO       No match:            1099
2026-05-18 21:22:28,314  INFO     
2026-05-18 21:22:28,314  INFO     By theme:
2026-05-18 21:22:28,320  INFO     Saved ticker_labels.json — 160 total (150 manual, 8 keyword, 2 sic)
2026-05-18 21:22:28,406  INFO     SQLite company_info: 160 labels synced to ohlcv.db
2026-05-18 21:22:28,407  INFO     Report saved: C:\Users\Pizza\OneDrive\Desktop\AlphaAbsolute\data\themes\theme_labeler_report.json
2026-05-18 21:22:28,408  INFO     Done.
2026-05-18 21:22:31,143  WARNING  SBUX: 429 rate limit — sleeping 65s then retrying once
2026-05-18 21:24:33,531  INFO       [125/1097] Processing AKTS ...
2026-05-18 21:25:43,641  INFO     ============================================================
2026-05-18 21:25:43,641  INFO     AlphaAbsolute Theme Labeler starting
2026-05-18 21:25:43,641  INFO       force=False  dry_run=False  limit=none
2026-05-18 21:25:43,641  INFO     ============================================================
2026-05-18 21:25:43,698  INFO     RS universe: 1246 tickers
2026-05-18 21:25:43,707  INFO     Tickers in RS universe:   1246
2026-05-18 21:25:43,707  INFO     Already labeled:          157 (150 manual)
2026-05-18 21:25:43,707  INFO     To process:               1102
2026-05-18 21:25:43,707  INFO       [1/1102] Processing AGL ...
2026-05-18 21:25:44,169  INFO       [25/1102] Processing ABLV ...
2026-05-18 21:25:44,737  INFO       [50/1102] Processing CVS ...
2026-05-18 21:25:45,311  INFO       [75/1102] Processing AMWL ...
2026-05-18 21:25:45,924  INFO       [100/1102] Processing ARM ...
2026-05-18 21:25:45,951  INFO     Saved ticker_labels.json — 157 total (150 manual, 7 keyword, 0 sic)
2026-05-18 21:25:45,952  INFO       [checkpoint] saved 157 labels
2026-05-18 21:25:46,671  INFO       [125/1102] Processing MO ...
2026-05-18 21:25:48,651  INFO       [150/1102] Processing S ...
2026-05-18 21:25:49,193  INFO       [175/1102] Processing AIT ...
2026-05-18 21:25:49,733  INFO       [200/1102] Processing QRVO ...
2026-05-18 21:25:49,774  INFO     Saved ticker_labels.json — 157 total (150 manual, 7 keyword, 0 sic)
2026-05-18 21:25:49,774  INFO       [checkpoint] saved 157 labels
2026-05-18 21:25:50,259  INFO       [225/1102] Processing APYX ...
2026-05-18 21:25:50,754  INFO       [250/1102] Processing NSC ...
2026-05-18 21:25:51,390  INFO       [275/1102] Processing AFG ...
2026-05-18 21:25:53,150  WARNING  ANSS: 429 rate limit — sleeping 65s then retrying once
2026-05-18 21:26:59,435  WARNING  ANSS: still 429 after retry — skipping
2026-05-18 21:26:59,552  INFO       [300/1102] Processing BCSS ...
2026-05-18 21:26:59,571  INFO     Saved ticker_labels.json — 157 total (150 manual, 7 keyword, 0 sic)
2026-05-18 21:26:59,571  INFO       [checkpoint] saved 157 labels
2026-05-18 21:27:00,030  INFO       [325/1102] Processing FDX ...
2026-05-18 21:27:00,493  INFO       [350/1102] Processing RSG ...
2026-05-18 21:27:02,294  INFO       [375/1102] Processing MPLX ...
2026-05-18 21:27:02,580  INFO       [400/1102] Processing BHF ...
2026-05-18 21:27:02,601  INFO     Saved ticker_labels.json — 157 total (150 manual, 7 keyword, 0 sic)
2026-05-18 21:27:02,601  INFO       [checkpoint] saved 157 labels
2026-05-18 21:27:02,876  INFO       [425/1102] Processing HUN ...
2026-05-18 21:27:03,189  INFO       [450/1102] Processing AB ...
2026-05-18 21:27:03,545  INFO       [475/1102] Processing WLDN ...
2026-05-18 21:27:03,865  INFO       [500/1102] Processing BANX ...
2026-05-18 21:27:03,892  INFO     Saved ticker_labels.json — 157 total (150 manual, 7 keyword, 0 sic)
2026-05-18 21:27:03,892  INFO       [checkpoint] saved 157 labels
2026-05-18 21:27:04,253  INFO       [525/1102] Processing ACI ...
2026-05-18 21:27:04,655  INFO       [550/1102] Processing AUB ...
2026-05-18 21:27:05,033  INFO       [575/1102] Processing TENB ...
2026-05-18 21:27:05,413  INFO       [600/1102] Processing DIS ...
2026-05-18 21:27:05,431  INFO     Saved ticker_labels.json — 157 total (150 manual, 7 keyword, 0 sic)
2026-05-18 21:27:05,431  INFO       [checkpoint] saved 157 labels
2026-05-18 21:27:05,765  INFO       [625/1102] Processing PEP ...
2026-05-18 21:27:06,114  INFO       [650/1102] Processing AIFF ...
2026-05-18 21:27:06,543  INFO       [675/1102] Processing ALKT ...
2026-05-18 21:27:07,062  INFO       [700/1102] Processing ARTV ...
2026-05-18 21:27:07,083  INFO     Saved ticker_labels.json — 157 total (150 manual, 7 keyword, 0 sic)
2026-05-18 21:27:07,083  INFO       [checkpoint] saved 157 labels
2026-05-18 21:27:07,511  INFO       [725/1102] Processing RBBN ...
2026-05-18 21:27:07,842  INFO       [750/1102] Processing BMM ...
2026-05-18 21:27:08,203  INFO       [775/1102] Processing ACB ...
2026-05-18 21:27:08,790  INFO       [800/1102] Processing AHCO ...
2026-05-18 21:27:08,826  INFO     Saved ticker_labels.json — 157 total (150 manual, 7 keyword, 0 sic)
2026-05-18 21:27:08,827  INFO       [checkpoint] saved 157 labels
2026-05-18 21:27:09,262  INFO       [825/1102] Processing ALRM ...
2026-05-18 21:27:09,684  INFO       [850/1102] Processing DHI ...
2026-05-18 21:27:10,217  INFO       [875/1102] Processing ALGN ...
2026-05-18 21:27:10,763  INFO       [900/1102] Processing CRCT ...
2026-05-18 21:27:10,781  INFO     Saved ticker_labels.json — 157 total (150 manual, 7 keyword, 0 sic)
2026-05-18 21:27:10,781  INFO       [checkpoint] saved 157 labels
2026-05-18 21:27:11,148  INFO       [925/1102] Processing TMO ...
2026-05-18 21:27:11,488  INFO       [950/1102] Processing ADVB ...
2026-05-18 21:27:11,869  INFO       [975/1102] Processing TTD ...
2026-05-18 21:27:12,227  INFO       [1000/1102] Processing DPZ ...
2026-05-18 21:27:12,243  INFO     Saved ticker_labels.json — 157 total (150 manual, 7 keyword, 0 sic)
2026-05-18 21:27:12,243  INFO       [checkpoint] saved 157 labels
2026-05-18 21:27:12,600  INFO       [1025/1102] Processing AKBA ...
2026-05-18 21:27:12,946  INFO       [1050/1102] Processing EPOW ...
2026-05-18 21:27:13,281  INFO       [1075/1102] Processing PODD ...
2026-05-18 21:27:13,626  INFO       [1100/1102] Processing BRCB ...
2026-05-18 21:27:13,643  INFO     Saved ticker_labels.json — 157 total (150 manual, 7 keyword, 0 sic)
2026-05-18 21:27:13,643  INFO       [checkpoint] saved 157 labels
2026-05-18 21:27:13,672  INFO     
2026-05-18 21:27:13,672  INFO     ============================================================
2026-05-18 21:27:13,672  INFO     THEME LABELER COMPLETE
2026-05-18 21:27:13,673  INFO       Tickers processed:   1102
2026-05-18 21:27:13,673  INFO       Cache hits:          1099
2026-05-18 21:27:13,673  INFO       Polygon API fetches: 0
2026-05-18 21:27:13,673  INFO       Newly labeled:       0
2026-05-18 21:27:13,673  INFO         keyword match:     0
2026-05-18 21:27:13,673  INFO         SIC match:         0
2026-05-18 21:27:13,673  INFO       No match:            1102
2026-05-18 21:27:13,673  INFO     
2026-05-18 21:27:13,673  INFO     By theme:
2026-05-18 21:27:13,675  INFO     Saved ticker_labels.json — 157 total (150 manual, 7 keyword, 0 sic)
2026-05-18 21:27:13,733  INFO     SQLite company_info: 157 labels synced to ohlcv.db
2026-05-18 21:27:13,734  INFO     Report saved: C:\Users\Pizza\OneDrive\Desktop\AlphaAbsolute\data\themes\theme_labeler_report.json
2026-05-18 21:27:13,734  INFO     Done.
2026-05-18 21:30:18,402  INFO       [150/1097] Processing QQQ ...
2026-05-18 21:36:15,568  INFO       [175/1097] Processing ASND ...
2026-05-18 21:42:13,359  INFO       [200/1097] Processing AIRG ...
2026-05-18 21:42:27,639  INFO     Saved ticker_labels.json — 169 total (154 manual, 13 keyword, 2 sic)
2026-05-18 21:42:27,639  INFO       [checkpoint] saved 169 labels
2026-05-18 21:48:11,314  INFO       [225/1097] Processing AFBI ...
2026-05-18 21:54:08,199  INFO       [250/1097] Processing FLNC ...
2026-05-18 22:00:06,750  INFO       [275/1097] Processing BGC ...
2026-05-18 22:03:59,020  WARNING  BLZR: 429 rate limit — sleeping 65s then retrying once
2026-05-18 22:06:59,024  INFO       [300/1097] Processing BAYA ...
2026-05-18 22:07:13,293  INFO     Saved ticker_labels.json — 175 total (154 manual, 19 keyword, 2 sic)
2026-05-18 22:07:13,293  INFO       [checkpoint] saved 175 labels
2026-05-18 22:12:56,905  INFO       [325/1097] Processing V ...
2026-05-18 22:18:53,609  INFO       [350/1097] Processing BLUW ...
2026-05-18 22:24:36,947  INFO       [375/1097] Processing BCML ...
2026-05-18 22:30:33,422  INFO       [400/1097] Processing ACEL ...
2026-05-18 22:30:47,680  INFO     Saved ticker_labels.json — 179 total (154 manual, 22 keyword, 3 sic)
2026-05-18 22:30:47,681  INFO       [checkpoint] saved 179 labels
2026-05-18 22:36:30,737  INFO       [425/1097] Processing AG ...
2026-05-18 22:42:27,768  INFO       [450/1097] Processing AIV ...
2026-05-18 22:48:25,028  INFO       [475/1097] Processing L ...
2026-05-18 22:54:22,008  INFO       [500/1097] Processing HALO ...
2026-05-18 22:54:36,278  INFO     Saved ticker_labels.json — 182 total (154 manual, 25 keyword, 3 sic)
2026-05-18 22:54:36,279  INFO       [checkpoint] saved 182 labels
2026-05-18 23:00:19,334  INFO       [525/1097] Processing AER ...
2026-05-18 23:06:22,203  INFO       [550/1097] Processing DNOW ...
2026-05-18 23:12:28,995  INFO       [575/1097] Processing JPM ...
2026-05-18 23:14:54,411  WARNING  CUBI: 429 rate limit — sleeping 65s then retrying once
2026-05-18 23:19:41,783  INFO       [600/1097] Processing BGMS ...
2026-05-18 23:19:56,098  INFO     Saved ticker_labels.json — 185 total (154 manual, 28 keyword, 3 sic)
2026-05-18 23:19:56,098  INFO       [checkpoint] saved 185 labels
2026-05-18 23:25:43,167  INFO       [625/1097] Processing CALC ...
2026-05-18 23:31:52,198  INFO       [650/1097] Processing ROAD ...
2026-05-18 23:38:14,236  INFO       [675/1097] Processing BCAX ...
2026-05-18 23:44:26,533  INFO       [700/1097] Processing BCG ...
2026-05-18 23:44:41,325  INFO     Saved ticker_labels.json — 190 total (154 manual, 33 keyword, 3 sic)
2026-05-18 23:44:41,326  INFO       [checkpoint] saved 190 labels
2026-05-18 23:50:41,950  INFO       [725/1097] Processing BOOM ...
